warning: unused variable: `rhs_shape`
  --> backend\src\cpu\arithmetic\macros.rs:10:13
   |
10 |             rhs_shape: &[usize],
   |             ^^^^^^^^^
   |
  ::: backend\src\cpu\arithmetic\add.rs:95:1
   |
95 | binary_strided_primitive!(add_strided_primitive, Add, add);
   | ---------------------------------------------------------- in this macro invocation
   |
help: `rhs_shape` is captured in macro and introduced a unused variable
  --> backend\src\cpu\arithmetic\macros.rs:10:13
   |
10 |             rhs_shape: &[usize],
   |             ^^^^^^^^^
   |
  ::: backend\src\cpu\arithmetic\add.rs:95:1
   |
95 | binary_strided_primitive!(add_strided_primitive, Add, add);
   | ---------------------------------------------------------- in this macro invocation
   = note: `#[warn(unused_variables)]` (part of `#[warn(unused)]`) on by default
   = note: this warning originates in the macro `binary_strided_primitive` (in Nightly builds, run with -Z macro-backtrace for more info)

warning: unused variable: `rhs_shape`
  --> backend\src\cpu\arithmetic\macros.rs:10:13
   |
10 |             rhs_shape: &[usize],
   |             ^^^^^^^^^
   |
  ::: backend\src\cpu\arithmetic\sub.rs:42:1
   |
42 | binary_strided_primitive!(sub_strided_primitive, Sub, sub);
   | ---------------------------------------------------------- in this macro invocation
   |
help: `rhs_shape` is captured in macro and introduced a unused variable
  --> backend\src\cpu\arithmetic\macros.rs:10:13
   |
10 |             rhs_shape: &[usize],
   |             ^^^^^^^^^
   |
  ::: backend\src\cpu\arithmetic\sub.rs:42:1
   |
42 | binary_strided_primitive!(sub_strided_primitive, Sub, sub);
   | ---------------------------------------------------------- in this macro invocation
   = note: this warning originates in the macro `binary_strided_primitive` (in Nightly builds, run with -Z macro-backtrace for more info)

warning: unused variable: `rhs_shape`
  --> backend\src\cpu\arithmetic\macros.rs:10:13
   |
10 |             rhs_shape: &[usize],
   |             ^^^^^^^^^
   |
  ::: backend\src\cpu\arithmetic\mul.rs:42:1
   |
42 | binary_strided_primitive!(mul_strided_primitive, Mul, mul);
   | ---------------------------------------------------------- in this macro invocation
   |
help: `rhs_shape` is captured in macro and introduced a unused variable
  --> backend\src\cpu\arithmetic\macros.rs:10:13
   |
10 |             rhs_shape: &[usize],
   |             ^^^^^^^^^
   |
  ::: backend\src\cpu\arithmetic\mul.rs:42:1
   |
42 | binary_strided_primitive!(mul_strided_primitive, Mul, mul);
   | ---------------------------------------------------------- in this macro invocation
   = note: this warning originates in the macro `binary_strided_primitive` (in Nightly builds, run with -Z macro-backtrace for more info)

warning: unused variable: `lambda`
   --> backend\src\cpu\linear_algebra\decomposition.rs:386:9
    |
386 |     let lambda = if denominator > 1e-10 {
    |         ^^^^^^ help: if this is intentional, prefix it with an underscore: `_lambda`

warning: unused variable: `vip`
   --> backend\src\cpu\linear_algebra\decomposition.rs:519:17
    |
519 |             let vip = v_temp[i * n + p];
    |                 ^^^ help: if this is intentional, prefix it with an underscore: `_vip`

warning: unused variable: `viq`
   --> backend\src\cpu\linear_algebra\decomposition.rs:520:17
    |
520 |             let viq = v_temp[i * n + q];
    |                 ^^^ help: if this is intentional, prefix it with an underscore: `_viq`

warning: unused variable: `keys`
   --> backend\src\cpu\backend.rs:742:9
    |
742 |         keys: &storage::DenseStorage<Self::Data>,
    |         ^^^^ help: if this is intentional, prefix it with an underscore: `_keys`

warning: unused variable: `values`
   --> backend\src\cpu\backend.rs:743:9
    |
743 |         values: &storage::DenseStorage<Self::Data>,
    |         ^^^^^^ help: if this is intentional, prefix it with an underscore: `_values`

warning: unused variable: `num_heads`
   --> backend\src\cpu\backend.rs:744:9
    |
744 |         num_heads: usize,
    |         ^^^^^^^^^ help: if this is intentional, prefix it with an underscore: `_num_heads`

warning: `backend` (lib) generated 9 warnings (run `cargo fix --lib -p backend` to apply 6 suggestions)
warning: unused import: `crate::functions::AddFunction`
 --> tensor\src\ops\arithmetic\add.rs:3:5
  |
3 | use crate::functions::AddFunction;
  |     ^^^^^^^^^^^^^^^^^^^^^^^^^^^^^
  |
  = note: `#[warn(unused_imports)]` (part of `#[warn(unused)]`) on by default

warning: unused import: `std::sync::Arc`
 --> tensor\src\ops\arithmetic\add.rs:7:5
  |
7 | use std::sync::Arc;
  |     ^^^^^^^^^^^^^^

warning: unused import: `crate::functions::DivFunction`
 --> tensor\src\ops\arithmetic\div.rs:3:5
  |
3 | use crate::functions::DivFunction;
  |     ^^^^^^^^^^^^^^^^^^^^^^^^^^^^^

warning: unused import: `std::sync::Arc`
 --> tensor\src\ops\arithmetic\div.rs:7:5
  |
7 | use std::sync::Arc;
  |     ^^^^^^^^^^^^^^

warning: unused import: `crate::functions::MulFunction`
 --> tensor\src\ops\arithmetic\mul.rs:3:5
  |
3 | use crate::functions::MulFunction;
  |     ^^^^^^^^^^^^^^^^^^^^^^^^^^^^^

warning: unused import: `std::sync::Arc`
 --> tensor\src\ops\arithmetic\mul.rs:7:5
  |
7 | use std::sync::Arc;
  |     ^^^^^^^^^^^^^^

warning: unused import: `crate::functions::SubFunction`
 --> tensor\src\ops\arithmetic\sub.rs:3:5
  |
3 | use crate::functions::SubFunction;
  |     ^^^^^^^^^^^^^^^^^^^^^^^^^^^^^

warning: unused import: `std::sync::Arc`
 --> tensor\src\ops\arithmetic\sub.rs:7:5
  |
7 | use std::sync::Arc;
  |     ^^^^^^^^^^^^^^

warning: unused import: `num_traits::Float`
 --> tensor\src\ops\math\cumprod.rs:6:5
  |
6 | use num_traits::Float;
  |     ^^^^^^^^^^^^^^^^^

warning: unused import: `num_traits::Float`
 --> tensor\src\ops\math\cumsum.rs:6:5
  |
6 | use num_traits::Float;
  |     ^^^^^^^^^^^^^^^^^

warning: unused imports: `Backend` and `DataType`
 --> tensor\src\ops\shape\broadcast.rs:1:15
  |
1 | ...::{Backend, DataType};
  |       ^^^^^^^  ^^^^^^^^

warning: unused import: `StorageFromVec`
 --> tensor\src\ops\shape\broadcast.rs:2:24
  |
2 | ...age, StorageFromVec};
  |         ^^^^^^^^^^^^^^

warning: unused import: `std::vec::Vec`
 --> tensor\src\implementations\math.rs:3:5
  |
3 | use std::vec::Vec;
  |     ^^^^^^^^^^^^^

warning: unused import: `Storage`
 --> tensor\src\ops\linalg\eig.rs:7:29
  |
7 | ...torage, Storage};
  |            ^^^^^^^

warning: unused import: `num_traits::FromPrimitive`
 --> tensor\src\functions\math\atan.rs:8:5
  |
8 | use num_traits::FromPrimitive;
  |     ^^^^^^^^^^^^^^^^^^^^^^^^^

warning: unused import: `num_traits::FromPrimitive`
 --> tensor\src\functions\math\acos.rs:8:5
  |
8 | use num_traits::FromPrimitive;
  |     ^^^^^^^^^^^^^^^^^^^^^^^^^

warning: unused import: `Storage`
 --> tensor\src\ops\linalg\matrix_exp.rs:7:29
  |
7 | ...torage, Storage};
  |            ^^^^^^^

warning: unused import: `num_traits::FromPrimitive`
 --> tensor\src\functions\math\tan.rs:8:5
  |
8 | use num_traits::FromPrimitive;
  |     ^^^^^^^^^^^^^^^^^^^^^^^^^

warning: unused import: `num_traits::FromPrimitive`
 --> tensor\src\functions\math\asin.rs:8:5
  |
8 | use num_traits::FromPrimitive;
  |     ^^^^^^^^^^^^^^^^^^^^^^^^^

warning: unused import: `Storage`
 --> tensor\src\ops\shape\broadcast.rs:2:15
  |
2 | use storage::{Storage, Stor...
  |               ^^^^^^^

warning: `tensor` (lib) generated 20 warnings (run `cargo fix --lib -p tensor` to apply 13 suggestions)
warning: function `canonical_reduce_dims` is never used
  --> autograd\src\functions\mod.rs:52:15
   |
52 | ...fn canonical_reduce_dims(
   |       ^^^^^^^^^^^^^^^^^^^^^
   |
   = note: `#[warn(dead_code)]` (part of `#[warn(unused)]`) on by default

warning: function `kept_shape_for_reduction` is never used
  --> autograd\src\functions\mod.rs:74:15
   |
74 | ...fn kept_shape_for_reduction(
   |       ^^^^^^^^^^^^^^^^^^^^^^^^

warning: function `unbroadcast_dense` is never used
   --> autograd\src\functions\mod.rs:117:15
    |
117 | ...fn unbroadcast_dense<B,...
    |       ^^^^^^^^^^^^^^^^^

warning: function `to_storage_preserving_graph` is never used
   --> autograd\src\functions\mod.rs:160:15
    |
160 | ...fn to_storage_preserving_graph<B,...
    |       ^^^^^^^^^^^^^^^^^^^^^^^^^^^

warning: function `to_dense_preserving_graph_identity` is never used
   --> autograd\src\functions\mod.rs:174:15
    |
174 | ...fn to_dense_preserving_graph_identity<B,...
    |       ^^^^^^^^^^^^^^^^^^^^^^^^^^^^^^^^^^

warning: `autograd` (lib) generated 5 warnings
warning: unused import: `NNError`
 --> nn\src\functional\convolution\conv1d.rs:3:26
  |
3 | ...error::{NNError, Result};
  |            ^^^^^^^
  |
  = note: `#[warn(unused_imports)]` (part of `#[warn(unused)]`) on by default

warning: unused import: `NNError`
 --> nn\src\functional\convolution\conv2d.rs:3:26
  |
3 | ...error::{NNError, Result};
  |            ^^^^^^^

warning: unused import: `CpuBackend`
 --> nn\src\functional\convolution\conv2d.rs:4:24
  |
4 | ...ckend, CpuBackend};
  |           ^^^^^^^^^^

warning: unused import: `DenseStorage`
 --> nn\src\functional\convolution\conv2d.rs:6:15
  |
6 | ...age::{DenseStorage, Stor...
  |          ^^^^^^^^^^^^

warning: unused import: `DenseStorage`
 --> nn\src\modules\activation\gelu.rs:5:15
  |
5 | ...age::{DenseStorage, Stor...
  |          ^^^^^^^^^^^^

warning: unused import: `DenseStorage`
 --> nn\src\modules\activation\silu.rs:5:15
  |
5 | ...age::{DenseStorage, Stor...
  |          ^^^^^^^^^^^^

warning: fields `feature_encoder`, `quantizer`, `transformer_layers`, and `config` are never read
  --> nn\src\audio\models\base.rs:17:5
   |
10 | pub struct Wav2VecModel<B,...
   |            ------------ fields in this struct
...
17 |     feature_encoder: Vec<C...
   |     ^^^^^^^^^^^^^^^
18 |     /// Quantizer for disc...
19 |     quantizer: Option<Prod...
   |     ^^^^^^^^^
20 |     /// Transformer layers...
21 |     transformer_layers: Ve...
   |     ^^^^^^^^^^^^^^^^^^
22 |     /// Configuration
23 |     config: Wav2VecConfig,
   |     ^^^^^^
   |
   = note: `Wav2VecModel` has a derived impl for the trait `Debug`, but this is intentionally ignored during dead code analysis
   = note: `#[warn(dead_code)]` (part of `#[warn(unused)]`) on by default

warning: fields `wav2vec_encoder`, `clustering_head`, and `config` are never read
  --> nn\src\audio\models\base.rs:35:5
   |
28 | pub struct HubertModel<B, ...
   |            ----------- fields in this struct
...
35 |     wav2vec_encoder: Wav2V...
   |     ^^^^^^^^^^^^^^^
36 |     /// Clustering head fo...
37 |     clustering_head: Linea...
   |     ^^^^^^^^^^^^^^^
38 |     /// Configuration
39 |     config: HubertConfig,
   |     ^^^^^^
   |
   = note: `HubertModel` has a derived impl for the trait `Debug`, but this is intentionally ignored during dead code analysis

warning: fields `encoder`, `decoder`, `lm_head`, and `config` are never read
  --> nn\src\audio\models\base.rs:51:5
   |
44 | pub struct WhisperModel<B,...
   |            ------------ fields in this struct
...
51 |     encoder: Vec<Transform...
   |     ^^^^^^^
52 |     /// Text decoder for a...
53 |     decoder: Vec<Transform...
   |     ^^^^^^^
54 |     /// Language model head
55 |     lm_head: Linear<B, S, T>,
   |     ^^^^^^^
56 |     /// Configuration
57 |     config: WhisperConfig,
   |     ^^^^^^
   |
   = note: `WhisperModel` has a derived impl for the trait `Debug`, but this is intentionally ignored during dead code analysis

warning: fields `encoder`, `decoder`, `postnet`, and `config` are never read
  --> nn\src\audio\models\base.rs:69:5
   |
62 | pub struct TacotronModel<B,...
   |            ------------- fields in this struct
...
69 |     encoder: Vec<Transforme...
   |     ^^^^^^^
70 |     /// Decoder with attention
71 |     decoder: Vec<TacotronDe...
   |     ^^^^^^^
72 |     /// Post-net for spectr...
73 |     postnet: Vec<Conv1D<B, ...
   |     ^^^^^^^
74 |     /// Configuration
75 |     config: TacotronConfig,
   |     ^^^^^^
   |
   = note: `TacotronModel` has a derived impl for the trait `Debug`, but this is intentionally ignored during dead code analysis

warning: multiple fields are never read
  --> nn\src\audio\models\base.rs:87:5
   |
80 | pub struct FastSpeechModel<B,...
   |            --------------- fields in this struct
...
87 |     encoder: Vec<TransformerL...
   |     ^^^^^^^
88 |     /// Duration predictor
89 |     duration_predictor: Durat...
   |     ^^^^^^^^^^^^^^^^^^
90 |     /// Pitch predictor
91 |     pitch_predictor: PitchPre...
   |     ^^^^^^^^^^^^^^^
92 |     /// Energy predictor
93 |     energy_predictor: EnergyP...
   |     ^^^^^^^^^^^^^^^^
94 |     /// Decoder
95 |     decoder: Vec<TransformerL...
   |     ^^^^^^^
96 |     /// Post-net
97 |     postnet: Vec<Conv1D<B, S,...
   |     ^^^^^^^
98 |     /// Configuration
99 |     config: FastSpeechConfig,
   |     ^^^^^^
   |
   = note: `FastSpeechModel` has a derived impl for the trait `Debug`, but this is intentionally ignored during dead code analysis

warning: field `decoder_config` is never read
  --> nn\src\audio\models\recognition.rs:21:5
   |
13 | pub struct SpeechRecognizer {
   |            ---------------- field in this struct
...
21 |     decoder_config: DecoderCon...
   |     ^^^^^^^^^^^^^^
   |
   = note: `SpeechRecognizer` has a derived impl for the trait `Debug`, but this is intentionally ignored during dead code analysis

warning: fields `model_type`, `vocab_size`, and `weight` are never read
  --> nn\src\audio\models\recognition.rs:41:5
   |
39 | pub struct LanguageModel {
   |            ------------- fields in this struct
40 |     /// Language model type
41 |     model_type: LanguageMod...
   |     ^^^^^^^^^^
42 |     /// Vocabulary size
43 |     vocab_size: usize,
   |     ^^^^^^^^^^
44 |     /// Language model weight
45 |     weight: f32,
   |     ^^^^^^
   |
   = note: `LanguageModel` has a derived impl for the trait `Debug`, but this is intentionally ignored during dead code analysis

warning: field `confidence_threshold` is never read
  --> nn\src\audio\models\recognition.rs:65:5
   |
61 | pub struct LanguageIdModel {
   |            --------------- field in this struct
...
65 |     confidence_threshold: f32,
   |     ^^^^^^^^^^^^^^^^^^^^
   |
   = note: `LanguageIdModel` has a derived impl for the trait `Debug`, but this is intentionally ignored during dead code analysis

warning: field `sample_rate` is never read
  --> nn\src\audio\models\synthesis.rs:32:5
   |
22 | pub struct TTSModel {
   |            -------- field in this struct
...
32 |     sample_rate: usize,
   |     ^^^^^^^^^^^
   |
   = note: `TTSModel` has a derived impl for the trait `Debug`, but this is intentionally ignored during dead code analysis

warning: field `wavelet_type` is never read
   --> nn\src\audio\ops\features.rs:589:5
    |
586 | pub struct WaveletExtractor {
    |            ---------------- field in this struct
...
589 |     wavelet_type: String,
    |     ^^^^^^^^^^^^

warning: field `model` is never read
  --> nn\src\audio\ops\classification.rs:28:5
   |
26 | pub struct MusicGenreClassifier {
   |            -------------------- field in this struct
27 |     /// Specialized model for musi...
28 |     model: MusicClassificationModel,
   |     ^^^^^
   |
   = note: `MusicGenreClassifier` has a derived impl for the trait `Debug`, but this is intentionally ignored during dead code analysis

warning: fields `architecture`, `dataset`, and `parameters` are never read
  --> nn\src\audio\ops\classification.rs:52:5
   |
50 | pub struct MusicClassificationModel {
   |            ------------------------ fields in this struct
51 |     /// Model architecture
52 |     architecture: MusicModelArchitecture,
   |     ^^^^^^^^^^^^
53 |     /// Training dataset used
54 |     dataset: String,
   |     ^^^^^^^
55 |     /// Model parameters
56 |     parameters: usize,
   |     ^^^^^^^^^^
   |
   = note: `MusicClassificationModel` has a derived impl for the trait `Debug`, but this is intentionally ignored during dead code analysis

warning: field `params` is never read
  --> nn\src\audio\ops\classification.rs:91:5
   |
87 | pub struct MusicFeatureExtractor {
   |            --------------------- field in this struct
...
91 |     params: MusicFeatureParams,
   |     ^^^^^^
   |
   = note: `MusicFeatureExtractor` has a derived impl for the trait `Debug`, but this is intentionally ignored during dead code analysis

warning: `nn` (lib) generated 19 warnings (run `cargo fix --lib -p nn` to apply 6 suggestions)
    Checking pycoeus v0.2.1 (D:\coeus\pycoeus)
warning: unused imports: `Float32` and `Float64`
 --> pycoeus\src\tensor\class.rs:3:20
  |
3 | use dtype::float::{Float32, Float64};
  |                    ^^^^^^^  ^^^^^^^
  |
  = note: `#[warn(unused_imports)]` (part of `#[warn(unused)]`) on by default

warning: unused import: `dispatch_float_tensor`
 --> pycoeus\src\tensor\class.rs:6:47
  |
6 | use crate::{dispatch_tensor, dispatch_binary, dispatch_float_tensor, dispatch_dense_tensor, dispatch_float_dense_tensor};
  |                                               ^^^^^^^^^^^^^^^^^^^^^

warning: unused import: `crate::tensor::class::to_py_err`
 --> pycoeus\src\tensor\macros.rs:1:5
  |
1 | use crate::tensor::class::to_py_err;
  |     ^^^^^^^^^^^^^^^^^^^^^^^^^^^^^^^

warning: unused import: `pyo3::prelude::*`
 --> pycoeus\src\tensor\macros.rs:2:5
  |
2 | use pyo3::prelude::*;
  |     ^^^^^^^^^^^^^^^^

warning: unused import: `dispatch_tensor`
 --> pycoeus\src\tensor\ops\arithmetic.rs:3:30
  |
3 | use crate::{dispatch_binary, dispatch_tensor};
  |                              ^^^^^^^^^^^^^^^

warning: unused import: `dtype::Dtype`
 --> pycoeus\src\tensor\ops\conversion.rs:5:5
  |
5 | use dtype::Dtype;
  |     ^^^^^^^^^^^^

warning: unused import: `dtype::Dtype`
 --> pycoeus\src\tensor\ops\indexing.rs:5:5
  |
5 | use dtype::Dtype;
  |     ^^^^^^^^^^^^

warning: unused imports: `Device`, `PyTensor`, and `to_py_err`
 --> pycoeus\src\tensor\ops\mod.rs:6:28
  |
6 | use crate::tensor::class::{Device, PyTensor, to_py_err};
  |                            ^^^^^^  ^^^^^^^^  ^^^^^^^^^

warning: unused imports: `dispatch_binary`, `dispatch_dense_tensor`, `dispatch_float_dense_tensor`, `dispatch_float_tensor`, and `dispatch_tensor`
 --> pycoeus\src\tensor\ops\mod.rs:8:13
  |
8 | use crate::{dispatch_tensor, dispatch_binary, dispatch_float_tensor, dispatch_dense_tensor, dispatch_float_dense_tensor};
  |             ^^^^^^^^^^^^^^^  ^^^^^^^^^^^^^^^  ^^^^^^^^^^^^^^^^^^^^^  ^^^^^^^^^^^^^^^^^^^^^  ^^^^^^^^^^^^^^^^^^^^^^^^^^^

warning: use of deprecated type alias `pyo3::PyObject`: use `Py<PyAny>` instead
  --> pycoeus\src\tensor\class.rs:99:56
   |
99 |     pub fn size(&self, dim: Option<usize>) -> PyResult<PyObject> {
   |                                                        ^^^^^^^^
   |
   = note: `#[warn(deprecated)]` on by default

warning: use of deprecated type alias `pyo3::PyObject`: use `Py<PyAny>` instead
  --> pycoeus\src\tensor\ops\conversion.rs:16:36
   |
16 |     pub fn item(&self) -> PyResult<PyObject> {
   |                                    ^^^^^^^^

warning: use of deprecated associated function `pyo3::Python::<'_>::with_gil`: use `Python::attach` instead
   --> pycoeus\src\tensor\class.rs:100:17
    |
100 |         Python::with_gil(|py| {
    |                 ^^^^^^^^

warning: use of deprecated associated function `pyo3::Python::<'_>::with_gil`: use `Python::attach` instead
  --> pycoeus\src\tensor\ops\conversion.rs:17:18
   |
17 |          Python::with_gil(|py| {
   |                  ^^^^^^^^

error[E0308]: `match` arms have incompatible types
   --> pycoeus\src\tensor\ops\indexing.rs:105:14
    |
105 |                ::tensor::ops::squeeze(&sliced, 0).map_err(to_py_err)
    |                ^^^^^^^^^^^^^^^^^^^^^^^^^^^^^^^^^^^^^^^^^^^^^^^^^^^^^
    |                |
    |                expected `F32`, found `F64`
    |                this is found to be of type `Result<tensor::Tensor<CpuBackend<F32>, DenseStorage<F32>, F32>, pyo3::PyErr>`
    |
   ::: pycoeus\src\tensor\macros.rs:7:9
    |
  7 | /         match &$tensor.inner {
  8 | |             TensorWrapper::CpuDenseF32($inner) => $expr,
  9 | |             TensorWrapper::CpuDenseF64($inner) => $expr,
 10 | |             #[cfg(feature = "gpu")]
...   |
 21 | |             TensorWrapper::CpuStridedC32($inner) => $expr,
 22 | |         }
    | |_________- `match` arms have incompatible types
    |
    = note: expected enum `Result<tensor::Tensor<CpuBackend<F32>, DenseStorage<F32>, F32>, _>`
               found enum `Result<tensor::Tensor<CpuBackend<F64>, DenseStorage<F64>, F64>, _>`

error[E0560]: struct `SVDResult<CpuBackend<F32>, F32>` has no field named `vt`
   --> pycoeus\src\tensor\wrapper\linalg.rs:109:38
    |
109 |                 Ok(SVDResult { u, s, vt: v }) // s, u, vt? Check SVDResult fields.
    |                                      ^^ unknown field
    |
help: a field with a similar name exists
    |
109 -                 Ok(SVDResult { u, s, vt: v }) // s, u, vt? Check SVDResult fields.
109 +                 Ok(SVDResult { u, s, vh: v }) // s, u, vt? Check SVDResult fields.
    |

warning: unused import: `SVD`
 --> pycoeus\src\tensor\wrapper\linalg.rs:5:61
  |
5 | use coeus_linalg::{Cholesky, Det, Inverse, Norm, Solve, QR, SVD};
  |                                                             ^^^

warning: unused import: `QR`
 --> pycoeus\src\tensor\wrapper\linalg.rs:5:57
  |
5 | use coeus_linalg::{Cholesky, Det, Inverse, Norm, Solve, QR, SVD};
  |                                                         ^^

warning: unused import: `Cholesky`
 --> pycoeus\src\tensor\wrapper\linalg.rs:5:20
  |
5 | use coeus_linalg::{Cholesky, Det, Inverse, Norm, Solve, QR, SVD};
  |                    ^^^^^^^^

warning: unused import: `optim::BaseOptimizer`
 --> pycoeus\src\optim\rmsprop.rs:4:5
  |
4 | use optim::BaseOptimizer;
  |     ^^^^^^^^^^^^^^^^^^^^

warning: unused import: `optim::BaseOptimizer`
 --> pycoeus\src\optim\sgd.rs:4:5
  |
4 | use optim::BaseOptimizer; // Need BaseOptimizer import for add_param_group on SGD?
  |     ^^^^^^^^^^^^^^^^^^^^

warning: unused import: `pyo3::types::PyAnyMethods`
 --> pycoeus\src\tensor\class.rs:7:5
  |
7 | use pyo3::types::PyAnyMethods; // For into_pyobject? or just pyo3 prelude covers it.
  |     ^^^^^^^^^^^^^^^^^^^^^^^^^

warning: unused import: `storage::Storage`
 --> pycoeus\src\tensor\class.rs:4:5
  |
4 | use storage::Storage;
  |     ^^^^^^^^^^^^^^^^

Some errors have detailed explanations: E0308, E0560.
For more information about an error, try `rustc --explain E0308`.
warning: `pycoeus` (lib) generated 20 warnings
error: could not compile `pycoeus` (lib) due to 2 previous errors; 20 warnings emitted
